// Jest Snapshot v1, https://goo.gl/fbAQLP

exports[`NextButton should match the snapshot 1`] = `ShallowWrapper {}`;
