// Jest Snapshot v1, https://goo.gl/fbAQLP

exports[`App should match the snapshot 1`] = `ShallowWrapper {}`;

exports[`App should match the snapshot 2`] = `ShallowWrapper {}`;
